// Jest Snapshot v1, https://goo.gl/fbAQLP

exports[`renders header 1`] = `
<View
  style={
    Object {
      "alignItems": "center",
      "backgroundColor": "#F8F8F8",
      "elevation": 5,
      "height": 40,
      "justifyContent": "center",
      "paddingTop": 5,
      "position": "relative",
      "shadowColor": "#000",
      "shadowOffset": Object {
        "height": 20,
        "width": 0,
      },
      "shadowOpacity": 0.2,
    }
  }
>
  <Text
    style={
      Object {
        "fontSize": 20,
      }
    }
  />
</View>
`;
