// Jest Snapshot v1, https://goo.gl/fbAQLP

exports[`renders header 1`] = `
<View
  style={
    Object {
      "alignItems": "center",
      "backgroundColor": "#003478",
      "elevation": 10,
      "height": 80,
      "justifyContent": "center",
      "paddingTop": 5,
      "position": "relative",
      "shadowColor": "#000",
      "shadowOffset": Object {
        "height": 40,
        "width": 0,
      },
      "shadowOpacity": 0.5,
    }
  }
>
  <Text
    style={
      Object {
        "color": "white",
        "fontSize": 20,
        "fontWeight": "bold",
      }
    }
  />
</View>
`;
